// Jest Snapshot v1, https://goo.gl/fbAQLP

exports[`App renders the app 1`] = `
<div>
  <div>
    <div
      class="app-header-container"
    >
      <div>
        <img
          alt="Logo"
          class="header-logo"
          src="/logo-no-background.png"
        />
      </div>
      <div
        class="welcome"
      >
        <p>
          Welcome to Fart Box Plus!
        </p>
        <p>
          This is a place for gross fart related fun, suitable for everyone.
        </p>
        <p>
          Please enjoy and get in touch with any ideas you would like to see.
        </p>
        <p>
          Use the navigation buttons below to select sound groups
        </p>
        <p>
          This is a virtual sound box for all things gross!
        </p>
      </div>
      <nav
        class="navbar"
      >
        <ul
          class="navbar-list"
        >
          <li>
            <a
              class="active"
              data-testid="set1-button"
              href="#set0"
            >
              Fart Sounds
            </a>
          </li>
          <li>
            <a
              class=""
              data-testid="set2-button"
              href="#set1"
            >
              Minions Sounds
            </a>
          </li>
        </ul>
      </nav>
      <div
        class="app-container"
      >
        <button
          class="sound-button"
          data-sound-file="https://storage.googleapis.com/fart-box-387618.appspot.com/sound1.mp3"
        >
          💩
        </button>
        <button
          class="sound-button"
          data-sound-file="https://storage.googleapis.com/fart-box-387618.appspot.com/sound2.mp3"
        >
          💩
        </button>
        <button
          class="sound-button"
          data-sound-file="https://storage.googleapis.com/fart-box-387618.appspot.com/sound3.mp3"
        >
          💩
        </button>
        <button
          class="sound-button"
          data-sound-file="https://storage.googleapis.com/fart-box-387618.appspot.com/sound4.mp3"
        >
          💩
        </button>
        <button
          class="sound-button"
          data-sound-file="https://storage.googleapis.com/fart-box-387618.appspot.com/sound5.mp3"
        >
          💩
        </button>
        <button
          class="sound-button"
          data-sound-file="https://storage.googleapis.com/fart-box-387618.appspot.com/sound6.mp3"
        >
          💩
        </button>
      </div>
      <div
        class="welcome"
      >
        <p>
          Coming soon!
        </p>
        <p>
          Fart related games: 
        </p>
        <p>
          Pong
        </p>
        <p>
          Poo Snake
        </p>
      </div>
    </div>
  </div>
</div>
`;
