// Jest Snapshot v1, https://goo.gl/fbAQLP

exports[`App renders the app 1`] = `
<div>
  <div>
    <div
      class="app-header-container"
    >
      <div>
        <img
          alt="Logo"
          class="header-logo"
          src="/logo-no-background.png"
        />
      </div>
      <nav
        class="navbar"
      >
        <ul
          class="navbar-list"
        >
          <li>
            <a
              class=""
              data-testid="set1-button"
              href="#set0"
            >
              Fart Sounds
            </a>
          </li>
        </ul>
      </nav>
      <div
        class="welcome"
      >
        <p>
          Welcome to Fart Box Plus!
        </p>
        <p>
          Experience the ultimate collection of funny fart sounds in the form of a virtual sound box. Our app brings you hours of laughter and entertainment with a wide variety of hilarious fart noises. From classic to outrageous, we have them all!
        </p>
        <p>
          But that's not all - Fart Box Plus is not just about sounds. We're constantly expanding our offerings to bring you even more fart-related fun! In the near future, we have exciting plans to introduce games like Pong and Snake, all with a unique and amusing fart-related twist. Get ready for some seriously silly gaming experiences!
        </p>
        <p>
          Whether you're looking to prank your friends, add some humor to your day, or simply indulge in the joy of childish laughter, Fart Box Plus has got you covered. We guarantee endless amusement and a good time for everyone.
        </p>
        <p>
          So, buckle up and embark on this gas-powered adventure with Fart Box Plus. Stay tuned for updates and new features as we continue to expand our fart-filled world of laughter and entertainment!
        </p>
      </div>
      <div
        class="welcome"
      >
        <p>
          Coming soon!
        </p>
        <p>
          Fart related games: 
        </p>
        <p>
          Pong
        </p>
        <p>
          Poo Snake
        </p>
      </div>
    </div>
  </div>
</div>
`;
